[INFO] Scanning for projects...
[INFO] 
[INFO] ----------------------< com.paperflow:paperflow >-----------------------
[INFO] Building paperflow 1.0-SNAPSHOT
[INFO]   from pom.xml
[INFO] --------------------------------[ jar ]---------------------------------
[INFO] 
[INFO] --- resources:3.4.0:resources (default-resources) @ paperflow ---
[INFO] Copying 0 resource from src\resources to target\classes
[INFO] 
[INFO] --- compiler:3.11.0:compile (default-compile) @ paperflow ---
[INFO] Nothing to compile - all classes are up to date
[INFO] ------------------------------------------------------------------------
[INFO] BUILD SUCCESS
[INFO] ------------------------------------------------------------------------
[INFO] Total time:  0.995 s
[INFO] Finished at: 2026-07-01T20:52:47-03:00
[INFO] ------------------------------------------------------------------------
